// Jest Snapshot v1, https://goo.gl/fbAQLP

exports[`Button Snapshot 1`] = `
<Button>
  <styled.button>
    <StyledComponent
      forwardedComponent={
        Object {
          "$$typeof": Symbol(react.forward_ref),
          "attrs": Array [],
          "componentStyle": ComponentStyle {
            "componentId": "sc-bdVaJa",
            "isStatic": true,
            "lastClassName": "hyTKFx",
            "rules": Array [
              "
  display: flex;
  align-items: center;
  justify-content: center;
  height: 35px;
  padding: 0 20px;
  border: 0;
  border-radius: 2px;
  font-size: 16px;
  cursor: pointer;
  transition: opacity 150ms ease-in-out;

  &:hover {
    opacity: 0.8;
  }

  &:disabled {
    cursor: no-drop;

    &:hover {
      opacity: 1;
    }
  }
",
            ],
          },
          "displayName": "styled.button",
          "foldedComponentIds": Array [],
          "render": [Function],
          "styledComponentId": "sc-bdVaJa",
          "target": "button",
          "toString": [Function],
          "warnTooManyClasses": [Function],
          "withComponent": [Function],
        }
      }
      forwardedRef={null}
    >
      <button
        className="sc-bdVaJa hyTKFx"
      >
        <styled.span>
          <StyledComponent
            forwardedComponent={
              Object {
                "$$typeof": Symbol(react.forward_ref),
                "attrs": Array [],
                "componentStyle": ComponentStyle {
                  "componentId": "sc-htpNat",
                  "isStatic": true,
                  "lastClassName": "gChKYK",
                  "rules": Array [
                    "
  flex: 1;
",
                  ],
                },
                "displayName": "styled.span",
                "foldedComponentIds": Array [],
                "render": [Function],
                "styledComponentId": "sc-htpNat",
                "target": "span",
                "toString": [Function],
                "warnTooManyClasses": [Function],
                "withComponent": [Function],
              }
            }
            forwardedRef={null}
          >
            <span
              className="sc-htpNat gChKYK"
            >
              Test
            </span>
          </StyledComponent>
        </styled.span>
      </button>
    </StyledComponent>
  </styled.button>
</Button>
`;
